// Jest Snapshot v1, https://goo.gl/fbAQLP

exports[`<Login/> should render the login page 1`] = `
<h1>
  Sign In to Grouper
</h1>
`;

exports[`<Login/> should render the login page 2`] = `
<a>
  Not yet a member? Sign Up Here.
</a>
`;
