// Jest Snapshot v1, https://goo.gl/fbAQLP

exports[`<Login/> should render the login page 1`] = `
<h1>
  Sign Up for Grouper
</h1>
`;

exports[`<Login/> should render the login page 2`] = `
<a>
  Already a member? Sign In Here.
</a>
`;
