// Jest Snapshot v1, https://goo.gl/fbAQLP

exports[`<Login/> should render the login page 1`] = `null`;
